// Jest Snapshot v1, https://goo.gl/fbAQLP

exports[`Dashboard Component Should render a Dashboard object w/o knowing how nested components have changed. 1`] = `
<div>
  <p>
    This is a dashbaord page.
  </p>
</div>
`;
